hourly;type=H;count=1;prefix=RPT
daily;type=D;count=1;prefix=RP
nightly;type=D;count=1;prefix=RP
weekly;type=W;count=1;prefix=RP
fortnightly;type=W;count=2;prefix=RP
monthly;type=M;count=1;prefix=RP
yearly;type=Y;count=1;prefix=RP
qod;type=D;count=0.5;prefix=RP
qd;type=D;count=1;prefix=RP
q.d.;type=D;count=1;prefix=RP
qid;type=H;count=6;prefix=RPT
q.i.d.;type=H;count=6;prefix=RPT
tid;type=H;count=8;prefix=RPT
t.i.d.;type=H;count=8;prefix=RPT
bd;type=H;count=12;prefix=RPT
bid;type=H;count=12;prefix=RPT
b.i.d.;type=H;count=12;prefix=RPT
o.d;type=H;count=24;prefix=RPT
o.p.d;type=H;count=24;prefix=RPT
qad;type=H;count=48;prefix=RPT
q.a.d.;type=H;count=48;prefix=RPT
q.24h;type=H;count=24;prefix=RPT
q.12h;type=H;count=12;prefix=RPT
q.8h;type=H;count=8;prefix=RPT
q.6h;type=H;count=6;prefix=RPT
q.4h;type=H;count=4;prefix=RPT
q.3h;type=H;count=4;prefix=RPT
q.2h;type=H;count=2;prefix=RPT
q.1h;type=H;count=1;prefix=RPT
q.h.;type=H;count=1;prefix=RPT
q.h.s.;type=H;count=1;prefix=RPT
q24h;type=H;count=24;prefix=RPT
q12h;type=H;count=12;prefix=RPT
q8h;type=H;count=8;prefix=RPT
q6h;type=H;count=6;prefix=RPT
q4h;type=H;count=4;prefix=RPT
q3h;type=H;count=4;prefix=RPT
q2h;type=H;count=2;prefix=RPT
q1h;type=H;count=1;prefix=RPT
qh;type=H;count=1;prefix=RPT
qhs;type=H;count=24;prefix=RPT
prn;mod=APPROX
p.r.n.;mod=APPROX
ah;type=H;count=1;prefix=RPT
a.h.;type=H;count=1;prefix=RPT
hs;mod=APPROX
h.s.;mod=APPROX
ut dict;mod=APPROX

